
[1m[46m RUN [49m[22m [36mv4.0.18 [39m[90m/home/adeswalla/Desktop/navin-frontend/frontend[39m

 [31m❯[39m src/components/shipment/TrackingTimeline/TrackingTimeline.test.tsx [2m([22m[2m7 tests[22m[2m | [22m[31m2 failed[39m[2m)[22m[33m 370[2mms[22m[39m
     [32m✓[39m renders a vertical timeline with at least 5 milestones[32m 290[2mms[22m[39m
[31m     [31m×[31m displays milestone name, timestamp, and location for each node[39m[32m 30[2mms[22m[39m
[31m     [31m×[31m shows visual distinction between completed, current, and upcoming nodes[39m[32m 14[2mms[22m[39m
     [32m✓[39m applies correct CSS classes for milestone status[32m 13[2mms[22m[39m
     [32m✓[39m renders solid connectors for completed milestones[32m 9[2mms[22m[39m
     [32m✓[39m renders dashed connectors for current and upcoming milestones[32m 8[2mms[22m[39m
     [32m✓[39m accepts milestone data as props (reusable component)[32m 5[2mms[22m[39m

[31m⎯⎯⎯⎯⎯⎯⎯[39m[1m[41m Failed Tests 2 [49m[22m[31m⎯⎯⎯⎯⎯⎯⎯[39m

[41m[1m FAIL [22m[49m src/components/shipment/TrackingTimeline/TrackingTimeline.test.tsx[2m > [22mTrackingTimeline[2m > [22mdisplays milestone name, timestamp, and location for each node
[31m[1mTestingLibraryElementError[22m[39m: Found multiple elements with the text: New York, NY

Here are the matching elements:

Ignored nodes: comments, script, style
[36m<p[39m
  [33mclass[39m=[32m"timeline-location"[39m
[36m>[39m
  [0mNew York, NY[0m
[36m</p>[39m

Ignored nodes: comments, script, style
[36m<p[39m
  [33mclass[39m=[32m"timeline-location"[39m
[36m>[39m
  [0mNew York, NY[0m
[36m</p>[39m

(If this is intentional, then use the `*AllBy*` variant of the query (like `queryAllByText`, `getAllByText`, or `findAllByText`)).

Ignored nodes: comments, script, style
[36m<body>[39m
  [36m<div>[39m
    [36m<div[39m
      [33maria-label[39m=[32m"Shipment tracking timeline"[39m
      [33mclass[39m=[32m"tracking-timeline"[39m
      [33mrole[39m=[32m"list"[39m
    [36m>[39m
      [36m<div[39m
        [33mclass[39m=[32m"timeline-item timeline-item-completed"[39m
        [33mrole[39m=[32m"listitem"[39m
      [36m>[39m
        [36m<div[39m
          [33mclass[39m=[32m"timeline-marker"[39m
        [36m>[39m
          [36m<svg[39m
            [33maria-label[39m=[32m"Completed"[39m
            [33mclass[39m=[32m"timeline-icon timeline-icon-completed"[39m
            [33mfill[39m=[32m"none"[39m
            [33mheight[39m=[32m"24"[39m
            [33mviewBox[39m=[32m"0 0 24 24"[39m
            [33mwidth[39m=[32m"24"[39m
            [33mxmlns[39m=[32m"http://www.w3.org/2000/svg"[39m
          [36m>[39m
            [36m<circle[39m
              [33mcx[39m=[32m"12"[39m
              [33mcy[39m=[32m"12"[39m
              [33mfill[39m=[32m"currentColor"[39m
              [33mr[39m=[32m"10"[39m
            [36m/>[39m
            [36m<path[39m
              [33md[39m=[32m"M8 12l3 3 5-6"[39m
              [33mstroke[39m=[32m"white"[39m
              [33mstroke-linecap[39m=[32m"round"[39m
              [33mstroke-linejoin[39m=[32m"round"[39m
              [33mstroke-width[39m=[32m"2"[39m
            [36m/>[39m
          [36m</svg>[39m
          [36m<div[39m
            [33maria-hidden[39m=[32m"true"[39m
            [33mclass[39m=[32m"timeline-connector timeline-connector-solid"[39m
          [36m/>[39m
        [36m</div>[39m
        [36m<div[39m
          [33mclass[39m=[32m"timeline-content"[39m
        [36m>[39m
          [36m<h3[39m
            [33mclass[39m=[32m"timeline-name"[39m
          [36m>[39m
            [0mOrder Placed[0m
          [36m</h3>[39m
          [36m<p[39m
            [33mclass[39m=[32m"timeline-timestamp"[39m
          [36m>[39m
            [0m2026-02-20 10:00 AM[0m
          [36m</p>[39m
          [36m<p[39m
            [33mclass[39m=[32m"timeline-location"[39m
          [36m>[39m
            [0mNew York, NY[0m
          [36m</p>[39m
        [36m</div>[39m
      [36m</div>[39m
      [36m<div[39m
        [33mclass[39m=[32m"timeline-item timeline-item-completed"[39m
        [33mrole[39m=[32m"listitem"[39m
      [36m>[39m
        [36m<div[39m
          [33mclass[39m=[32m"timeline-marker"[39m
        [36m>[39m
          [36m<svg[39m
            [33maria-label[39m=[32m"Completed"[39m
            [33mclass[39m=[32m"timeline-icon timeline-icon-completed"[39m
            [33mfill[39m=[32m"none"[39m
            [33mheight[39m=[32m"24"[39m
            [33mviewBox[39m=[32m"0 0 24 24"[39m
            [33mwidth[39m=[32m"24"[39m
            [33mxmlns[39m=[32m"http://www.w3.org/2000/svg"[39m
          [36m>[39m
            [36m<circle[39m
              [33mcx[39m=[32m"12"[39m
              [33mcy[39m=[32m"12"[39m
              [33mfill[39m=[32m"currentColor"[39m
              [33mr[39m=[32m"10"[39m
            [36m/>[39m
            [36m<path[39m
              [33md[39m=[32m"M8 12l3 3 5-6"[39m
              [33mstroke[39m=[32m"white"[39m
              [33mstroke-linecap[39m=[32m"round"[39m
              [33mstroke-linejoin[39m=[32m"round"[39m
              [33mstroke-width[39m=[32m"2"[39m
            [36m/>[39m
          [36m</svg>[39m
          [36m<div[39m
            [33maria-hidden[39m=[32m"true"[39m
            [33mclass[39m=[32m"timeline-connector timeline-connector-solid"[39m
          [36m/>[39m
        [36m</div>[39m
        [36m<div[39m
          [33mclass[39m=[32m"timeline-content"[39m
        [36m>[39m
          [36m<h3[39m
            [33mclass[39m=[32m"timeline-name"[39m
          [36m>[39m
            [0mPicked Up[0m
          [36m</h3>[39m
          [36m<p[39m
            [33mclass[39m=[32m"timeline-timestamp"[39m
          [36m>[39m
            [0m2026-02-20 02:30 PM[0m
          [36m</p>[39m
          [36m<p[39m
            [33mclass[39m=[32m"timeline-location"[39m
          [36m>[39m
            [0mNew York, NY[0m
          [36m</p>[39m
        [36m</div>[39m
      [36m</div>[39m
      [36m<div[39m
        [33mclass[39m=[32m"timeline-item timeline-item-completed"[39m
        [33mrole[39m=[32m"listitem"[39m
      [36m>[39m
        [36m<div[39m
          [33mclass[39m=[32m"timeline-marker"[39m
        [36m>[39m
          [36m<svg[39m
            [33maria-label[39m=[32m"Completed"[39m
            [33mclass[39m=[32m"timeline-icon timeline-icon-completed"[39m
            [33mfill[39m=[32m"none"[39m
            [33mheight[39m=[32m"24"[39m
            [33mviewBox[39m=[32m"0 0 24 24"[39m
            [33mwidth[39m=[32m"24"[39m
            [33mxmlns[39m=[32m"http://www.w3.org/2000/svg"[39m
          [36m>[39m
            [36m<circle[39m
              [33mcx[39m=[32m"12"[39m
              [33mcy[39m=[32m"12"[39m
              [33mfill[39m=[32m"currentColor"[39m
              [33mr[39m=[32m"10"[39m
            [36m/>[39m
            [36m<path[39m
              [33md[39m=[32m"M8 12l3 3 5-6"[39m
              [33mstroke[39m=[32m"white"[39m
              [33mstroke-linecap[39m=[32m"round"[39m
              [33mstroke-linejoin[39m=[32m"round"[39m
              [33mstroke-width[39m=[32m"2"[39m
            [36m/>[39m
          [36m</svg>[39m
          [36m<div[39m
            [33maria-hidden[39m=[32m"true"[39m
            [33mclass[39m=[32m"timeline-connector timeline-connector-solid"[39m
          [36m/>[39m
        [36m</div>[39m
        [36m<div[39m
          [33mclass[39m=[32m"timeline-content"[39m
        [36m>[39m
          [36m<h3[39m
            [33mclass[39m=[32m"timeline-name"[39m
          [36m>[39m
            [0mIn Transit[0m
          [36m</h3>[39m
          [36m<p[39m
            [33mclass[39m=[32m"timeline-timestamp"[39m
          [36m>[39m
            [0m2026-02-21 08:15 AM[0m
          [36m</p>[39m
          [36m<p[39m
            [33mclass[39m=[32m"timeline-location"[39m
          [36m>[39m
            [0mPhiladelphia, PA[0m
          [36m</p>[39m
        [36m</div>[39m
      [36m</div>[39m
      [36m<div[39m
        [33mclass[39m=[32m"timeline-item timeline-item-current"[39m
        [33mrole[39m=[32m"listitem"[39m
      [36m>[39m
        [36m<div[39m
          [33mclass[39m=[32m"timeline-marker"[39m
        [36m>[39m
          [36m<svg[39m
            [33maria-label[39m=[32m"Current"[39m
            [33mclass[39m=[32m"timeline-icon timeline-icon-current"[39m
            [33mfill[39m=[32m"none"[39m
            [33mheight[39m=[32m"24"[39m
            [33mviewBox[39m=[32m"0 0 24 24"[39m
            [33mwidth[39m=[32m"24"[39m
            [33mxmlns[39m=[32m"http://www.w3.org/2000/svg"[39m
          [36m>[39m
            [36m<circle[39m
              [33mcx[39m=[32m"12"[39m
              [33mcy[39m=[32m"12"[39m
              [33mfill[39m=[32m"currentColor"[39m
              [33mr[39m=[32m"10"[39m
            [36m/>[39m
            [36m<circle[39m
              [33mcx[39m=[32m"12"[39m
              [33mcy[39m=[32m"12"[39m
              [33mfill[39m=[32m"white"[39m
              [33mr[39m=[32m"4"[39m
            [36m/>[39m
          [36m</svg>[39m
          [36m<div[39m
            [33maria-hidden[39m=[32m"true"[39m
            [33mclass[39m=[32m"timeline-connector timeline-connector-dashed"[39m
          [36m/>[39m
        [36m</div>[39m
        [36m<div[39m
          [33mclass[39m=[32m"timeline-content"[39m
        [36m>[39m
          [36m<h3[39m
            [33mclass[39m=[32m"timeline-name"[39m
          [36m>[39m
            [0mOut for Delivery[0m
          [36m</h3>[39m
          [36m<p[39m
            [33mclass[39m=[32m"timeline-timestamp"[39m
          [36m>[39m
            [0m2026-02-23 09:00 AM[0m
          [36m</p>[39m
          [36m<p[39m
            [33mclass[39m=[32m"timeline-location"[39m
          [36m>[39m
            [0mBoston, MA[0m
          [36m</p>[39m
        [36m</div>[39m
      [36m</div>[39m
      [36m<div[39m
        [33mclass[39m=[32m"timeline-item timeline-item-upcoming"[39m
        [33mrole[39m=[32m"listitem"[39m
      [36m>[39m
        [36m<div[39m
          [33mclass[39m=[32m"timeline-marker"[39m
        [36m>[39m
          [36m<svg[39m
            [33maria-label[39m=[32m"Upcoming"[39m
            [33mclass[39m=[32m"timeline-icon timeline-icon-upcoming"[39m
            [33mfill[39m=[32m"none"[39m
            [33mheight[39m=[32m"24"[39m
            [33mviewBox[39m=[32m"0 0 24 24"[39m
            [33mwidth[39m=[32m"24"[39m
            [33mxmlns[39m=[32m"http://www.w3.org/2000/svg"[39m
          [36m>[39m
            [36m<circle[39m
              [33mcx[39m=[32m"12"[39m
              [33mcy[39m=[32m"12"[39m
              [33mfill[39m=[32m"none"[39m
              [33mr[39m=[32m"10"[39m
              [33mstroke[39m=[32m"currentColor"[39m
              [33mstroke-width[39m=[32m"2"[39m
            [36m/>[39m
          [36m</svg>[39m
        [36m</div>[39m
        [36m<div[39m
          [33mclass[39m=[32m"timeline-content"[39m
        [36m>[39m
          [36m<h3[39m
            [33mclass[39m=[32m"timeline-name"[39m
          [36m>[39m
            [0mDelivered[0m
          [36m</h3>[39m
          [36m<p[39m
            [33mclass[39m=[32m"timeline-timestamp"[39m
          [36m>[39m
            [0mExpected: 2026-02-23 05:00 PM[0m
          [36m</p>[39m
          [36m<p[39m
            [33mclass[39m=[32m"timeline-location"[39m
          [36m>[39m
            [0mBoston, MA[0m
          [36m</p>[39m
        [36m</div>[39m
      [36m</div>[39m
    [36m</div>[39m
  [36m</div>[39m
[36m</body>[39m
[90m [2m❯[22m Object.getElementError node_modules/@testing-library/dom/dist/config.js:[2m37:19[22m[39m
[90m [2m❯[22m getElementError node_modules/@testing-library/dom/dist/query-helpers.js:[2m20:35[22m[39m
[90m [2m❯[22m getMultipleElementsFoundError node_modules/@testing-library/dom/dist/query-helpers.js:[2m23:10[22m[39m
[90m [2m❯[22m node_modules/@testing-library/dom/dist/query-helpers.js:[2m55:13[22m[39m
[90m [2m❯[22m node_modules/@testing-library/dom/dist/query-helpers.js:[2m95:19[22m[39m
[36m [2m❯[22m src/components/shipment/TrackingTimeline/TrackingTimeline.test.tsx:[2m59:19[22m[39m
    [90m 57| [39m    [34mexpect[39m(screen[33m.[39m[34mgetByText[39m([32m'Order Placed'[39m))[33m.[39m[34mtoBeInTheDocument[39m()[33m;[39m
    [90m 58| [39m    expect(screen.getByText('2026-02-20 10:00 AM')).toBeInTheDocument(…
    [90m 59| [39m    [34mexpect[39m(screen[33m.[39m[34mgetByText[39m([32m'New York, NY'[39m))[33m.[39m[34mtoBeInTheDocument[39m()[33m;[39m
    [90m   | [39m                  [31m^[39m
    [90m 60| [39m
    [90m 61| [39m    [34mexpect[39m(screen[33m.[39m[34mgetByText[39m([32m'Out for Delivery'[39m))[33m.[39m[34mtoBeInTheDocument[39m()[33m;[39m

[31m[2m⎯⎯⎯⎯⎯⎯⎯⎯⎯⎯⎯⎯⎯⎯⎯⎯⎯⎯⎯⎯⎯⎯⎯⎯[1/2]⎯[22m[39m

[41m[1m FAIL [22m[49m src/components/shipment/TrackingTimeline/TrackingTimeline.test.tsx[2m > [22mTrackingTimeline[2m > [22mshows visual distinction between completed, current, and upcoming nodes
[31m[1mTestingLibraryElementError[22m[39m: Found multiple elements with the text of: Completed

Here are the matching elements:

Ignored nodes: comments, script, style
[36m<svg[39m
  [33maria-label[39m=[32m"Completed"[39m
  [33mclass[39m=[32m"timeline-icon timeline-icon-completed"[39m
  [33mfill[39m=[32m"none"[39m
  [33mheight[39m=[32m"24"[39m
  [33mviewBox[39m=[32m"0 0 24 24"[39m
  [33mwidth[39m=[32m"24"[39m
  [33mxmlns[39m=[32m"http://www.w3.org/2000/svg"[39m
[36m>[39m
  [36m<circle[39m
    [33mcx[39m=[32m"12"[39m
    [33mcy[39m=[32m"12"[39m
    [33mfill[39m=[32m"currentColor"[39m
    [33mr[39m=[32m"10"[39m
  [36m/>[39m
  [36m<path[39m
    [33md[39m=[32m"M8 12l3 3 5-6"[39m
    [33mstroke[39m=[32m"white"[39m
    [33mstroke-linecap[39m=[32m"round"[39m
    [33mstroke-linejoin[39m=[32m"round"[39m
    [33mstroke-width[39m=[32m"2"[39m
  [36m/>[39m
[36m</svg>[39m

Ignored nodes: comments, script, style
[36m<svg[39m
  [33maria-label[39m=[32m"Completed"[39m
  [33mclass[39m=[32m"timeline-icon timeline-icon-completed"[39m
  [33mfill[39m=[32m"none"[39m
  [33mheight[39m=[32m"24"[39m
  [33mviewBox[39m=[32m"0 0 24 24"[39m
  [33mwidth[39m=[32m"24"[39m
  [33mxmlns[39m=[32m"http://www.w3.org/2000/svg"[39m
[36m>[39m
  [36m<circle[39m
    [33mcx[39m=[32m"12"[39m
    [33mcy[39m=[32m"12"[39m
    [33mfill[39m=[32m"currentColor"[39m
    [33mr[39m=[32m"10"[39m
  [36m/>[39m
  [36m<path[39m
    [33md[39m=[32m"M8 12l3 3 5-6"[39m
    [33mstroke[39m=[32m"white"[39m
    [33mstroke-linecap[39m=[32m"round"[39m
    [33mstroke-linejoin[39m=[32m"round"[39m
    [33mstroke-width[39m=[32m"2"[39m
  [36m/>[39m
[36m</svg>[39m

Ignored nodes: comments, script, style
[36m<svg[39m
  [33maria-label[39m=[32m"Completed"[39m
  [33mclass[39m=[32m"timeline-icon timeline-icon-completed"[39m
  [33mfill[39m=[32m"none"[39m
  [33mheight[39m=[32m"24"[39m
  [33mviewBox[39m=[32m"0 0 24 24"[39m
  [33mwidth[39m=[32m"24"[39m
  [33mxmlns[39m=[32m"http://www.w3.org/2000/svg"[39m
[36m>[39m
  [36m<circle[39m
    [33mcx[39m=[32m"12"[39m
    [33mcy[39m=[32m"12"[39m
    [33mfill[39m=[32m"currentColor"[39m
    [33mr[39m=[32m"10"[39m
  [36m/>[39m
  [36m<path[39m
    [33md[39m=[32m"M8 12l3 3 5-6"[39m
    [33mstroke[39m=[32m"white"[39m
    [33mstroke-linecap[39m=[32m"round"[39m
    [33mstroke-linejoin[39m=[32m"round"[39m
    [33mstroke-width[39m=[32m"2"[39m
  [36m/>[39m
[36m</svg>[39m

(If this is intentional, then use the `*AllBy*` variant of the query (like `queryAllByText`, `getAllByText`, or `findAllByText`)).

Ignored nodes: comments, script, style
[36m<body>[39m
  [36m<div>[39m
    [36m<div[39m
      [33maria-label[39m=[32m"Shipment tracking timeline"[39m
      [33mclass[39m=[32m"tracking-timeline"[39m
      [33mrole[39m=[32m"list"[39m
    [36m>[39m
      [36m<div[39m
        [33mclass[39m=[32m"timeline-item timeline-item-completed"[39m
        [33mrole[39m=[32m"listitem"[39m
      [36m>[39m
        [36m<div[39m
          [33mclass[39m=[32m"timeline-marker"[39m
        [36m>[39m
          [36m<svg[39m
            [33maria-label[39m=[32m"Completed"[39m
            [33mclass[39m=[32m"timeline-icon timeline-icon-completed"[39m
            [33mfill[39m=[32m"none"[39m
            [33mheight[39m=[32m"24"[39m
            [33mviewBox[39m=[32m"0 0 24 24"[39m
            [33mwidth[39m=[32m"24"[39m
            [33mxmlns[39m=[32m"http://www.w3.org/2000/svg"[39m
          [36m>[39m
            [36m<circle[39m
              [33mcx[39m=[32m"12"[39m
              [33mcy[39m=[32m"12"[39m
              [33mfill[39m=[32m"currentColor"[39m
              [33mr[39m=[32m"10"[39m
            [36m/>[39m
            [36m<path[39m
              [33md[39m=[32m"M8 12l3 3 5-6"[39m
              [33mstroke[39m=[32m"white"[39m
              [33mstroke-linecap[39m=[32m"round"[39m
              [33mstroke-linejoin[39m=[32m"round"[39m
              [33mstroke-width[39m=[32m"2"[39m
            [36m/>[39m
          [36m</svg>[39m
          [36m<div[39m
            [33maria-hidden[39m=[32m"true"[39m
            [33mclass[39m=[32m"timeline-connector timeline-connector-solid"[39m
          [36m/>[39m
        [36m</div>[39m
        [36m<div[39m
          [33mclass[39m=[32m"timeline-content"[39m
        [36m>[39m
          [36m<h3[39m
            [33mclass[39m=[32m"timeline-name"[39m
          [36m>[39m
            [0mOrder Placed[0m
          [36m</h3>[39m
          [36m<p[39m
            [33mclass[39m=[32m"timeline-timestamp"[39m
          [36m>[39m
            [0m2026-02-20 10:00 AM[0m
          [36m</p>[39m
          [36m<p[39m
            [33mclass[39m=[32m"timeline-location"[39m
          [36m>[39m
            [0mNew York, NY[0m
          [36m</p>[39m
        [36m</div>[39m
      [36m</div>[39m
      [36m<div[39m
        [33mclass[39m=[32m"timeline-item timeline-item-completed"[39m
        [33mrole[39m=[32m"listitem"[39m
      [36m>[39m
        [36m<div[39m
          [33mclass[39m=[32m"timeline-marker"[39m
        [36m>[39m
          [36m<svg[39m
            [33maria-label[39m=[32m"Completed"[39m
            [33mclass[39m=[32m"timeline-icon timeline-icon-completed"[39m
            [33mfill[39m=[32m"none"[39m
            [33mheight[39m=[32m"24"[39m
            [33mviewBox[39m=[32m"0 0 24 24"[39m
            [33mwidth[39m=[32m"24"[39m
            [33mxmlns[39m=[32m"http://www.w3.org/2000/svg"[39m
          [36m>[39m
            [36m<circle[39m
              [33mcx[39m=[32m"12"[39m
              [33mcy[39m=[32m"12"[39m
              [33mfill[39m=[32m"currentColor"[39m
              [33mr[39m=[32m"10"[39m
            [36m/>[39m
            [36m<path[39m
              [33md[39m=[32m"M8 12l3 3 5-6"[39m
              [33mstroke[39m=[32m"white"[39m
              [33mstroke-linecap[39m=[32m"round"[39m
              [33mstroke-linejoin[39m=[32m"round"[39m
              [33mstroke-width[39m=[32m"2"[39m
            [36m/>[39m
          [36m</svg>[39m
          [36m<div[39m
            [33maria-hidden[39m=[32m"true"[39m
            [33mclass[39m=[32m"timeline-connector timeline-connector-solid"[39m
          [36m/>[39m
        [36m</div>[39m
        [36m<div[39m
          [33mclass[39m=[32m"timeline-content"[39m
        [36m>[39m
          [36m<h3[39m
            [33mclass[39m=[32m"timeline-name"[39m
          [36m>[39m
            [0mPicked Up[0m
          [36m</h3>[39m
          [36m<p[39m
            [33mclass[39m=[32m"timeline-timestamp"[39m
          [36m>[39m
            [0m2026-02-20 02:30 PM[0m
          [36m</p>[39m
          [36m<p[39m
            [33mclass[39m=[32m"timeline-location"[39m
          [36m>[39m
            [0mNew York, NY[0m
          [36m</p>[39m
        [36m</div>[39m
      [36m</div>[39m
      [36m<div[39m
        [33mclass[39m=[32m"timeline-item timeline-item-completed"[39m
        [33mrole[39m=[32m"listitem"[39m
      [36m>[39m
        [36m<div[39m
          [33mclass[39m=[32m"timeline-marker"[39m
        [36m>[39m
          [36m<svg[39m
            [33maria-label[39m=[32m"Completed"[39m
            [33mclass[39m=[32m"timeline-icon timeline-icon-completed"[39m
            [33mfill[39m=[32m"none"[39m
            [33mheight[39m=[32m"24"[39m
            [33mviewBox[39m=[32m"0 0 24 24"[39m
            [33mwidth[39m=[32m"24"[39m
            [33mxmlns[39m=[32m"http://www.w3.org/2000/svg"[39m
          [36m>[39m
            [36m<circle[39m
              [33mcx[39m=[32m"12"[39m
              [33mcy[39m=[32m"12"[39m
              [33mfill[39m=[32m"currentColor"[39m
              [33mr[39m=[32m"10"[39m
            [36m/>[39m
            [36m<path[39m
              [33md[39m=[32m"M8 12l3 3 5-6"[39m
              [33mstroke[39m=[32m"white"[39m
              [33mstroke-linecap[39m=[32m"round"[39m
              [33mstroke-linejoin[39m=[32m"round"[39m
              [33mstroke-width[39m=[32m"2"[39m
            [36m/>[39m
          [36m</svg>[39m
          [36m<div[39m
            [33maria-hidden[39m=[32m"true"[39m
            [33mclass[39m=[32m"timeline-connector timeline-connector-solid"[39m
          [36m/>[39m
        [36m</div>[39m
        [36m<div[39m
          [33mclass[39m=[32m"timeline-content"[39m
        [36m>[39m
          [36m<h3[39m
            [33mclass[39m=[32m"timeline-name"[39m
          [36m>[39m
            [0mIn Transit[0m
          [36m</h3>[39m
          [36m<p[39m
            [33mclass[39m=[32m"timeline-timestamp"[39m
          [36m>[39m
            [0m2026-02-21 08:15 AM[0m
          [36m</p>[39m
          [36m<p[39m
            [33mclass[39m=[32m"timeline-location"[39m
          [36m>[39m
            [0mPhiladelphia, PA[0m
          [36m</p>[39m
        [36m</div>[39m
      [36m</div>[39m
      [36m<div[39m
        [33mclass[39m=[32m"timeline-item timeline-item-current"[39m
        [33mrole[39m=[32m"listitem"[39m
      [36m>[39m
        [36m<div[39m
          [33mclass[39m=[32m"timeline-marker"[39m
        [36m>[39m
          [36m<svg[39m
            [33maria-label[39m=[32m"Current"[39m
            [33mclass[39m=[32m"timeline-icon timeline-icon-current"[39m
            [33mfill[39m=[32m"none"[39m
            [33mheight[39m=[32m"24"[39m
            [33mviewBox[39m=[32m"0 0 24 24"[39m
            [33mwidth[39m=[32m"24"[39m
            [33mxmlns[39m=[32m"http://www.w3.org/2000/svg"[39m
          [36m>[39m
            [36m<circle[39m
              [33mcx[39m=[32m"12"[39m
              [33mcy[39m=[32m"12"[39m
              [33mfill[39m=[32m"currentColor"[39m
              [33mr[39m=[32m"10"[39m
            [36m/>[39m
            [36m<circle[39m
              [33mcx[39m=[32m"12"[39m
              [33mcy[39m=[32m"12"[39m
              [33mfill[39m=[32m"white"[39m
              [33mr[39m=[32m"4"[39m
            [36m/>[39m
          [36m</svg>[39m
          [36m<div[39m
            [33maria-hidden[39m=[32m"true"[39m
            [33mclass[39m=[32m"timeline-connector timeline-connector-dashed"[39m
          [36m/>[39m
        [36m</div>[39m
        [36m<div[39m
          [33mclass[39m=[32m"timeline-content"[39m
        [36m>[39m
          [36m<h3[39m
            [33mclass[39m=[32m"timeline-name"[39m
          [36m>[39m
            [0mOut for Delivery[0m
          [36m</h3>[39m
          [36m<p[39m
            [33mclass[39m=[32m"timeline-timestamp"[39m
          [36m>[39m
            [0m2026-02-23 09:00 AM[0m
          [36m</p>[39m
          [36m<p[39m
            [33mclass[39m=[32m"timeline-location"[39m
          [36m>[39m
            [0mBoston, MA[0m
          [36m</p>[39m
        [36m</div>[39m
      [36m</div>[39m
      [36m<div[39m
        [33mclass[39m=[32m"timeline-item timeline-item-upcoming"[39m
        [33mrole[39m=[32m"listitem"[39m
      [36m>[39m
        [36m<div[39m
          [33mclass[39m=[32m"timeline-marker"[39m
        [36m>[39m
          [36m<svg[39m
            [33maria-label[39m=[32m"Upcoming"[39m
            [33mclass[39m=[32m"timeline-icon timeline-icon-upcoming"[39m
            [33mfill[39m=[32m"none"[39m
            [33mheight[39m=[32m"24"[39m
            [33mviewBox[39m=[32m"0 0 24 24"[39m
            [33mwidth[39m=[32m"24"[39m
            [33mxmlns[39m=[32m"http://www.w3.org/2000/svg"[39m
          [36m>[39m
            [36m<circle[39m
              [33mcx[39m=[32m"12"[39m
              [33mcy[39m=[32m"12"[39m
              [33mfill[39m=[32m"none"[39m
              [33mr[39m=[32m"10"[39m
              [33mstroke[39m=[32m"currentColor"[39m
              [33mstroke-width[39m=[32m"2"[39m
            [36m/>[39m
          [36m</svg>[39m
        [36m</div>[39m
        [36m<div[39m
          [33mclass[39m=[32m"timeline-content"[39m
        [36m>[39m
          [36m<h3[39m
            [33mclass[39m=[32m"timeline-name"[39m
          [36m>[39m
            [0mDelivered[0m
          [36m</h3>[39m
          [36m<p[39m
            [33mclass[39m=[32m"timeline-timestamp"[39m
          [36m>[39m
            [0mExpected: 2026-02-23 05:00 PM[0m
          [36m</p>[39m
          [36m<p[39m
            [33mclass[39m=[32m"timeline-location"[39m
          [36m>[39m
            [0mBoston, MA[0m
          [36m</p>[39m
        [36m</div>[39m
      [36m</div>[39m
    [36m</div>[39m
  [36m</div>[39m
[36m</body>[39m
[90m [2m❯[22m Object.getElementError node_modules/@testing-library/dom/dist/config.js:[2m37:19[22m[39m
[90m [2m❯[22m getElementError node_modules/@testing-library/dom/dist/query-helpers.js:[2m20:35[22m[39m
[90m [2m❯[22m getMultipleElementsFoundError node_modules/@testing-library/dom/dist/query-helpers.js:[2m23:10[22m[39m
[90m [2m❯[22m node_modules/@testing-library/dom/dist/query-helpers.js:[2m55:13[22m[39m
[90m [2m❯[22m node_modules/@testing-library/dom/dist/query-helpers.js:[2m95:19[22m[39m
[36m [2m❯[22m src/components/shipment/TrackingTimeline/TrackingTimeline.test.tsx:[2m69:34[22m[39m
    [90m 67| [39m    [34mrender[39m([33m<[39m[33mTrackingTimeline[39m [33mmilestones[39m[33m=[39m[33m{[39mmockMilestones[33m}[39m [33m/[39m[33m>[39m)[33m;[39m
    [90m 68| [39m
    [90m 69| [39m    [35mconst[39m completedIcon [33m=[39m screen[33m.[39m[34mgetByLabelText[39m([32m'Completed'[39m)[33m;[39m
    [90m   | [39m                                 [31m^[39m
    [90m 70| [39m    [34mexpect[39m(completedIcon)[33m.[39m[34mtoHaveClass[39m([32m'timeline-icon-completed'[39m)[33m;[39m
    [90m 71| [39m

[31m[2m⎯⎯⎯⎯⎯⎯⎯⎯⎯⎯⎯⎯⎯⎯⎯⎯⎯⎯⎯⎯⎯⎯⎯⎯[2/2]⎯[22m[39m


[2m Test Files [22m [1m[31m1 failed[39m[22m[90m (1)[39m
[2m      Tests [22m [1m[31m2 failed[39m[22m[2m | [22m[1m[32m5 passed[39m[22m[90m (7)[39m
[2m   Start at [22m 22:42:50
[2m   Duration [22m 1.65s[2m (transform 96ms, setup 106ms, import 169ms, tests 370ms, environment 778ms)[22m

